BLDEA-CSE@DESKTOP-TDJBKD5 MINGW64 ~ (master)
$ cd CS192

BLDEA-CSE@DESKTOP-TDJBKD5 MINGW64 ~/CS192 (master)
$ git config --list
diff.astextplain.textconv=astextplain
filter.lfs.clean=git-lfs clean -- %f
filter.lfs.smudge=git-lfs smudge -- %f
filter.lfs.process=git-lfs filter-process
filter.lfs.required=true
http.sslbackend=openssl
http.sslcainfo=C:/Program Files/Git/mingw64/etc/ssl/certs/ca-bundle.crt
core.autocrlf=true
core.fscache=true
core.symlinks=false
pull.rebase=false
credential.helper=manager
credential.https://dev.azure.com.usehttppath=true
init.defaultbranch=master
user.name=thepavan-18
user.email=pavanbiradar471@gmail.com
core.repositoryformatversion=0
core.filemode=false
core.bare=false
core.logallrefupdates=true
core.symlinks=false
core.ignorecase=true
user.name=YashaswiniKurabet

BLDEA-CSE@DESKTOP-TDJBKD5 MINGW64 ~/CS192 (master)
$ git config --global --unset all user.email
error: key does not contain a section: all

BLDEA-CSE@DESKTOP-TDJBKD5 MINGW64 ~/CS192 (master)
$ git config --global --unset-all user.email

BLDEA-CSE@DESKTOP-TDJBKD5 MINGW64 ~/CS192 (master)
$ git config --global --unset-all user.name

BLDEA-CSE@DESKTOP-TDJBKD5 MINGW64 ~/CS192 (master)
$ git config --list
diff.astextplain.textconv=astextplain
filter.lfs.clean=git-lfs clean -- %f
filter.lfs.smudge=git-lfs smudge -- %f
filter.lfs.process=git-lfs filter-process
filter.lfs.required=true
http.sslbackend=openssl
http.sslcainfo=C:/Program Files/Git/mingw64/etc/ssl/certs/ca-bundle.crt
core.autocrlf=true
core.fscache=true
core.symlinks=false
pull.rebase=false
credential.helper=manager
credential.https://dev.azure.com.usehttppath=true
init.defaultbranch=master
core.repositoryformatversion=0
core.filemode=false
core.bare=false
core.logallrefupdates=true
core.symlinks=false
core.ignorecase=true
user.name=YashaswiniKurabet
remote.origin.url=https://github.com/YashaswiniKurabet/GITgroup3.git
remote.origin.fetch=+refs/heads/*:refs/remotes/origin/*

BLDEA-CSE@DESKTOP-TDJBKD5 MINGW64 ~/CS192 (master)
$ git remote remove origin

BLDEA-CSE@DESKTOP-TDJBKD5 MINGW64 ~/CS192 (master)
$ git config --global user.email "kurabetjayashree@gmail.com"

BLDEA-CSE@DESKTOP-TDJBKD5 MINGW64 ~/CS192 (master)
$ git config --local user.name "YashaswiniKurabet"

BLDEA-CSE@DESKTOP-TDJBKD5 MINGW64 ~/CS192 (master)
$ git config --list
diff.astextplain.textconv=astextplain
filter.lfs.clean=git-lfs clean -- %f
filter.lfs.smudge=git-lfs smudge -- %f
filter.lfs.process=git-lfs filter-process
filter.lfs.required=true
http.sslbackend=openssl
http.sslcainfo=C:/Program Files/Git/mingw64/etc/ssl/certs/ca-bundle.crt
core.autocrlf=true
core.fscache=true
core.symlinks=false
pull.rebase=false
credential.helper=manager
credential.https://dev.azure.com.usehttppath=true
init.defaultbranch=master
user.email=kurabetjayashree@gmail.com
core.repositoryformatversion=0
core.filemode=false
core.bare=false
core.logallrefupdates=true
core.symlinks=false
core.ignorecase=true
user.name=YashaswiniKurabet

BLDEA-CSE@DESKTOP-TDJBKD5 MINGW64 ~/CS192 (master)
$ git branch
  c2
  dior
  dior1
  feature-branch
* master

BLDEA-CSE@DESKTOP-TDJBKD5 MINGW64 ~/CS192 (master)
$ git branch cs192a

BLDEA-CSE@DESKTOP-TDJBKD5 MINGW64 ~/CS192 (master)
$ git branch cs192b

BLDEA-CSE@DESKTOP-TDJBKD5 MINGW64 ~/CS192 (master)
$ git checkout cs192a
Switched to branch 'cs192a'

BLDEA-CSE@DESKTOP-TDJBKD5 MINGW64 ~/CS192 (cs192a)
$ nano exp8.txt

BLDEA-CSE@DESKTOP-TDJBKD5 MINGW64 ~/CS192 (cs192a)
$ git add .
warning: in the working copy of 'exp8.txt', LF will be replaced by CRLF the next time Git touches it

BLDEA-CSE@DESKTOP-TDJBKD5 MINGW64 ~/CS192 (cs192a)
$ git commit -m "first commit"
[cs192a 64187e9] first commit
 1 file changed, 2 insertions(+)
 create mode 100644 exp8.txt

BLDEA-CSE@DESKTOP-TDJBKD5 MINGW64 ~/CS192 (cs192a)
$ nano exp8.txt

BLDEA-CSE@DESKTOP-TDJBKD5 MINGW64 ~/CS192 (cs192a)
$ git add .
warning: in the working copy of 'exp8.txt', LF will be replaced by CRLF the next time Git touches it

BLDEA-CSE@DESKTOP-TDJBKD5 MINGW64 ~/CS192 (cs192a)
$ git commit -m "second commit"
[cs192a 64ce990] second commit
 1 file changed, 1 insertion(+)

BLDEA-CSE@DESKTOP-TDJBKD5 MINGW64 ~/CS192 (cs192a)
$ nano exp8.txt

BLDEA-CSE@DESKTOP-TDJBKD5 MINGW64 ~/CS192 (cs192a)
$ git add .
warning: in the working copy of 'exp8.txt', LF will be replaced by CRLF the next time Git touches it

BLDEA-CSE@DESKTOP-TDJBKD5 MINGW64 ~/CS192 (cs192a)
$ git commit -m "third commit"
[cs192a c4fc69e] third commit
 1 file changed, 2 insertions(+)

BLDEA-CSE@DESKTOP-TDJBKD5 MINGW64 ~/CS192 (cs192a)
$ nano exp8.txt

BLDEA-CSE@DESKTOP-TDJBKD5 MINGW64 ~/CS192 (cs192a)
$ git add .
warning: in the working copy of 'exp8.txt', LF will be replaced by CRLF the next time Git touches it

BLDEA-CSE@DESKTOP-TDJBKD5 MINGW64 ~/CS192 (cs192a)
$ git commit -m "fourth commit"
[cs192a ef853b8] fourth commit
 1 file changed, 1 insertion(+), 1 deletion(-)

BLDEA-CSE@DESKTOP-TDJBKD5 MINGW64 ~/CS192 (cs192a)
$ git log
commit ef853b854cad108d1973e18956e7d36cbfeb595d (HEAD -> cs192a)
Author: YashaswiniKurabet <kurabetjayashree@gmail.com>
Date:   Fri Feb 9 10:07:33 2024 +0530

    fourth commit

commit c4fc69e21661f6206267f5d59e3c6cf2440da3dc
Author: YashaswiniKurabet <kurabetjayashree@gmail.com>
Date:   Fri Feb 9 10:06:29 2024 +0530

    third commit

commit 64ce990dabc008fd605bfd8444cd36c3b1441e7e
Author: YashaswiniKurabet <kurabetjayashree@gmail.com>
Date:   Fri Feb 9 10:03:10 2024 +0530

    second commit

commit 64187e92a716c9174ea4809815e88b59da45c9a5
Author: YashaswiniKurabet <kurabetjayashree@gmail.com>
Date:   Fri Feb 9 10:02:00 2024 +0530

    first commit

BLDEA-CSE@DESKTOP-TDJBKD5 MINGW64 ~/CS192 (cs192a)
$ git checkout cs192b
Switched to branch 'cs192b'

BLDEA-CSE@DESKTOP-TDJBKD5 MINGW64 ~/CS192 (cs192b)
$ git cherry-pick64ce990dabc008fd605bfd8444cd36c3b1441e7e^ c4fc69e21661f6206267f5d59e3c6cf2440da3dc
git: 'cherry-pick64ce990dabc008fd605bfd8444cd36c3b1441e7e^' is not a git command. See 'git --help'.

BLDEA-CSE@DESKTOP-TDJBKD5 MINGW64 ~/CS192 (cs192b)
$ git cherry-pick 64ce990dabc008fd605bfd8444cd36c3b1441e7e^ c4fc69e21661f6206267f5d59e3c6cf2440da3dc
[cs192b 95c2980] first commit
 Date: Fri Feb 9 10:02:00 2024 +0530
 1 file changed, 2 insertions(+)
 create mode 100644 exp8.txt
Auto-merging exp8.txt
CONFLICT (content): Merge conflict in exp8.txt
error: could not apply c4fc69e... third commit
hint: After resolving the conflicts, mark them with
hint: "git add/rm <pathspec>", then run
hint: "git cherry-pick --continue".
hint: You can instead skip this commit with "git cherry-pick --skip".
hint: To abort and get back to the state before "git cherry-pick",
hint: run "git cherry-pick --abort".

BLDEA-CSE@DESKTOP-TDJBKD5 MINGW64 ~/CS192 (cs192b|CHERRY-PICKING)
$ nano exp8.txt

BLDEA-CSE@DESKTOP-TDJBKD5 MINGW64 ~/CS192 (cs192b|CHERRY-PICKING)
$ git add .

BLDEA-CSE@DESKTOP-TDJBKD5 MINGW64 ~/CS192 (cs192b|CHERRY-PICKING)
$ git cherry-pick --continue
[cs192b ae25d5d] third commit
 Date: Fri Feb 9 10:06:29 2024 +0530
 1 file changed, 2 insertions(+), 2 deletions(-)

BLDEA-CSE@DESKTOP-TDJBKD5 MINGW64 ~/CS192 (cs192b)
$ git checkout cs192a
Switched to branch 'cs192a'

BLDEA-CSE@DESKTOP-TDJBKD5 MINGW64 ~/CS192 (cs192a)
$ nano exp8.txt
