EXP 1
$ cd CS192

ADMIN@DESKTOP-D6U9MDK MINGW64 ~/CS192 (master)
$ git init
Reinitialized existing Git repository in C:/Users/ADMIN/CS192/.git/

ADMIN@DESKTOP-D6U9MDK MINGW64 ~/CS192 (master)
$ git status
On branch master

No commits yet

Changes to be committed:
  (use "git rm --cached <file>..." to unstage)
        new file:   project192.txt


ADMIN@DESKTOP-D6U9MDK MINGW64 ~/CS192 (master)
$ nano project192.txt

ADMIN@DESKTOP-D6U9MDK MINGW64 ~/CS192 (master)
$ git config --global user.email "kurabetjayashree@gmail.com"

ADMIN@DESKTOP-D6U9MDK MINGW64 ~/CS192 (master)
$ git config --local user.name "YashaswiniKurabet"

ADMIN@DESKTOP-D6U9MDK MINGW64 ~/CS192 (master)
$ git remote add origin https://github.com/YashaswiniKurabet/GITgroup3.git
error: remote origin already exists.

ADMIN@DESKTOP-D6U9MDK MINGW64 ~/CS192 (master)
$ git config --list
diff.astextplain.textconv=astextplain
filter.lfs.clean=git-lfs clean -- %f
filter.lfs.smudge=git-lfs smudge -- %f
filter.lfs.process=git-lfs filter-process
filter.lfs.required=true
http.sslbackend=openssl
http.sslcainfo=C:/Program Files/Git/mingw64/etc/ssl/certs/ca-bundle.crt
core.autocrlf=true
core.fscache=true
core.symlinks=false
core.fsmonitor=true
pull.rebase=false
credential.helper=manager
credential.https://dev.azure.com.usehttppath=true
init.defaultbranch=master
user.email=kurabetjayashree@gmail.com
core.repositoryformatversion=0
core.filemode=false
core.bare=false
core.logallrefupdates=true
core.symlinks=false
core.ignorecase=true
remote.origin.url=https://github.com/YashaswiniKurabet/GITgroup3.git
remote.origin.fetch=+refs/heads/*:refs/remotes/origin/*
user.name=YashaswiniKurabet

ADMIN@DESKTOP-D6U9MDK MINGW64 ~/CS192 (master)
$ nano project192.txt

ADMIN@DESKTOP-D6U9MDK MINGW64 ~/CS192 (master)
$ git add .

ADMIN@DESKTOP-D6U9MDK MINGW64 ~/CS192 (master)
$ git commit -m "project done"
[master (root-commit) 8003d39] project done
 1 file changed, 52 insertions(+)
 create mode 100644 project192.txt

ADMIN@DESKTOP-D6U9MDK MINGW64 ~/CS192 (master)
$ git push origin master
To https://github.com/YashaswiniKurabet/GITgroup3.git
 ! [rejected]        master -> master (fetch first)
error: failed to push some refs to 'https://github.com/YashaswiniKurabet/GITgroup3.git'
hint: Updates were rejected because the remote contains work that you do not
hint: have locally. This is usually caused by another repository pushing to
hint: the same ref. If you want to integrate the remote changes, use
hint: 'git pull' before pushing again.
hint: See the 'Note about fast-forwards' in 'git push --help' for details.

ADMIN@DESKTOP-D6U9MDK MINGW64 ~/CS192 (master)
$ git push origin master --force
Enumerating objects: 3, done.
Counting objects: 100% (3/3), done.
Delta compression using up to 4 threads
Compressing objects: 100% (2/2), done.
Writing objects: 100% (3/3), 720 bytes | 360.00 KiB/s, done.
Total 3 (delta 0), reused 0 (delta 0), pack-reused 0 (from 0)
To https://github.com/YashaswiniKurabet/GITgroup3.git
 + b40d01e...8003d39 master -> master (forced update)

ADMIN@DESKTOP-D6U9MDK MINGW64 ~/CS192 (master)
$
EXP 3
$ cd CS192

ADMIN@DESKTOP-D6U9MDK MINGW64 ~/CS192 (master)
$ git branch
* master
  ysk192

ADMIN@DESKTOP-D6U9MDK MINGW64 ~/CS192 (master)
$ ls
'GIT exps.txt'   example.c   file.txt   project192.txt

ADMIN@DESKTOP-D6U9MDK MINGW64 ~/CS192 (master)
$ git stash
No local changes to save

ADMIN@DESKTOP-D6U9MDK MINGW64 ~/CS192 (master)
$ git stash
Saved working directory and index state WIP on master: a150c1a done

ADMIN@DESKTOP-D6U9MDK MINGW64 ~/CS192 (master)
$ git checkout ysk192
Switched to branch 'ysk192'

ADMIN@DESKTOP-D6U9MDK MINGW64 ~/CS192 (ysk192)
$ nano a.txt

ADMIN@DESKTOP-D6U9MDK MINGW64 ~/CS192 (ysk192)
$ git add .
warning: in the working copy of 'a.txt', LF will be replaced by CRLF the next time Git touches it

ADMIN@DESKTOP-D6U9MDK MINGW64 ~/CS192 (ysk192)
$ git commit -m "change done"
[ysk192 6f03596] change done
 1 file changed, 2 insertions(+)
 create mode 100644 a.txt

ADMIN@DESKTOP-D6U9MDK MINGW64 ~/CS192 (ysk192)
$ git stash apply
On branch ysk192
Changes not staged for commit:
  (use "git add <file>..." to update what will be committed)
  (use "git restore <file>..." to discard changes in working directory)
        modified:   file.txt

no changes added to commit (use "git add" and/or "git commit -a")

ADMIN@DESKTOP-D6U9MDK MINGW64 ~/CS192 (ysk192)
$ git stash apply
error: Your local changes to the following files would be overwritten by merge:
        file.txt
Please commit your changes or stash them before you merge.
Aborting
On branch ysk192
Changes not staged for commit:
  (use "git add <file>..." to update what will be committed)
  (use "git restore <file>..." to discard changes in working directory)
        modified:   a.txt
        modified:   file.txt

no changes added to commit (use "git add" and/or "git commit -a")

ADMIN@DESKTOP-D6U9MDK MINGW64 ~/CS192 (ysk192)
$ git checkout master
error: Your local changes to the following files would be overwritten by checkout:
        a.txt
Please commit your changes or stash them before you switch branches.
Aborting

ADMIN@DESKTOP-D6U9MDK MINGW64 ~/CS192 (ysk192)
$ git stash apply
error: Your local changes to the following files would be overwritten by merge:
        file.txt
Please commit your changes or stash them before you merge.
Aborting
On branch ysk192
Changes not staged for commit:
  (use "git add <file>..." to update what will be committed)
  (use "git restore <file>..." to discard changes in working directory)
        modified:   a.txt
        modified:   file.txt

no changes added to commit (use "git add" and/or "git commit -a")

ADMIN@DESKTOP-D6U9MDK MINGW64 ~/CS192 (ysk192)
$ git add .
warning: in the working copy of 'a.txt', LF will be replaced by CRLF the next time Git touches it

ADMIN@DESKTOP-D6U9MDK MINGW64 ~/CS192 (ysk192)
$ git commit -m "totally done"
[ysk192 348ae8e] totally done
 2 files changed, 3 insertions(+), 1 deletion(-)


